// Jest Snapshot v1, https://goo.gl/fbAQLP

exports[`Message popup is populated with details 1`] = `
<Modal
  ariaHideApp={true}
  bodyOpenClassName="ReactModal__Body--open"
  className="message-modal"
  closeTimeoutMS={0}
  contentLabel="onRequestClose Example"
  isOpen={true}
  parentSelector={[Function]}
  portalClassName="ReactModalPortal"
  role="dialog"
  shouldCloseOnEsc={true}
  shouldCloseOnOverlayClick={true}
  shouldFocusAfterRender={true}
  shouldReturnFocusAfterClose={true}
>
  <div
    className="form-row"
  >
    <div
      className="col-10"
    >
      <p>
        <span>
          From: 
        </span>
        Mark Winteringham
      </p>
    </div>
    <div
      className="col-2"
    >
      <p>
        <span>
          Phone: 
        </span>
        01821 912812
      </p>
    </div>
  </div>
  <div
    className="form-row"
  >
    <div
      className="col-12"
    >
      <p>
        <span>
          Email: 
        </span>
        mark@mwtestconsultancy.co.uk
      </p>
    </div>
  </div>
  <div
    className="form-row"
  >
    <div
      className="col-12"
    >
      <p>
        <span>
          Subject description here
        </span>
      </p>
    </div>
  </div>
  <div
    className="form-row"
  >
    <div
      className="col-12"
    >
      <p>
        Lorem ipsum dolores est
      </p>
    </div>
  </div>
  <div
    className="form-row"
  >
    <div
      className="col-12"
    >
      <button
        className="btn btn-outline-primary"
        onClick={[Function]}
      >
        Close
      </button>
    </div>
  </div>
</Modal>
`;
